dskc:[10,30,decwar,hlp]DECWAR.IMP
gam:DECWAR.EXE
gam:DECWAR.HLP
gam:DECWAR.NWS
gam:DECWAR.GRP
dskc:[10,30,decwar]HIGH.FOR
dskc:[10,30,decwar]LOW.FOR
dskc:[10,30,decwar]DECWAR.FOR
dskc:[10,30,decwar]WARMAC.MAC
dskc:[10,30,decwar]MSG.MAC
dskc:[10,30,decwar]SETUP.FOR
dskc:[10,30,decwar]SETMSG.MAC
dskc:[10,30,decwar,hlp]DECWAR.RNH
dskc:[10,30,decwar,hlp]DECNWS.RNO
dskc:[10,30,decwar]PARAM.FOR
dskc:[10,30,decwar]HISEG.FOR
dskc:[10,30,decwar]LOWSEG.FOR
dskc:[10,30,decwar]EXTERN.FOR
dskc:[10,30,decwar]SETEXT.FOR
dskc:[10,30,decwar]LSTVAR.FOR
dskc:[10,30,decwar]HIGH.REL
dskc:[10,30,decwar]LOW.REL
dskc:[10,30,decwar]DECWAR.REL
dskc:[10,30,decwar]WARMAC.REL
dskc:[10,30,decwar]MSG.REL
dskc:[10,30,decwar]SETUP.REL
dskc:[10,30,decwar]SETMSG.REL
dskc:[10,30,decwar]L.MIC
dskc:[10,30,decwar]PARAM.SAV
dskc:[10,30,decwar]HISEG.SAV
dskc:[10,30,decwar]LOWSEG.SAV
dskc:[10,30,decwar]EXTERN.SAV
dskc:[10,30,decwar]SETEXT.SAV
dskc:[10,30,decwar,tec]PARAM.TEC
dskc:[10,30,decwar,tec]HISEG.TEC
dskc:[10,30,decwar,tec]LOWSEG.TEC
dskc:[10,30,decwar,tec]EXTERN.TEC
dskc:[10,30,decwar,tec]SETEXT.TEC
dskc:[10,30,decwar,hlp]MAKHLP.MIC
dskc:[10,30,decwar,hlp]MAKNWS.MIC
dskc:[10,30,decwar,tec]NDX.TEC
dskc:[10,30,decwar,tec]PAGE.TEC
